ARM Linker, RVCT4.0 [Build 524] for uVision [Evaluation]

==============================================================================

Section Cross References

    memory.o(.text) refers to usbhw.o(.text) for USB_Init
    memory.o(.text) refers to diskimg.o(.ARM.__AT_0x00010000) for DiskImage
    memory.o(.text) refers to mscuser.o(.ARM.__AT_0x40002000) for Memory
    mscuser.o(.text) refers to usbhw.o(.text) for USB_WriteEP
    mscuser.o(.text) refers to uread4.o(.text) for __aeabi_uread4
    mscuser.o(.text) refers to uwrite4.o(.text) for __aeabi_uwrite4
    mscuser.o(.text) refers to mscuser.o(.data) for BulkStage
    mscuser.o(.text) refers to usbcore.o(.bss) for EP0Buf
    mscuser.o(.text) refers to mscuser.o(.bss) for CSW
    mscuser.o(.text) refers to mscuser.o(.ARM.__AT_0x40002000) for Memory
    startup.o(STACK) refers (Special) to heapauxi.o(.text) for __use_two_region_memory
    startup.o(HEAP) refers (Special) to heapauxi.o(.text) for __use_two_region_memory
    startup.o(RESET) refers (Special) to heapauxi.o(.text) for __use_two_region_memory
    startup.o(RESET) refers to startup.o(STACK) for Stack_Top
    startup.o(RESET) refers to __main.o(!!!main) for __main
    startup.o(.text) refers (Special) to heapauxi.o(.text) for __use_two_region_memory
    startup.o(.text) refers to startup.o(HEAP) for Heap_Mem
    startup.o(.text) refers to startup.o(STACK) for Stack_Mem
    usbcore.o(.text) refers to usbhw.o(.text) for USB_ReadEP
    usbcore.o(.text) refers to usbcore.o(i.USB_GetStatus) for USB_GetStatus
    usbcore.o(.text) refers to usbcore.o(i.USB_SetClrFeature) for USB_SetClrFeature
    usbcore.o(.text) refers to usbcore.o(i.USB_GetDescriptor) for USB_GetDescriptor
    usbcore.o(.text) refers to usbcore.o(i.USB_SetConfiguration) for USB_SetConfiguration
    usbcore.o(.text) refers to usbuser.o(.text) for USB_Configure_Event
    usbcore.o(.text) refers to usbcore.o(i.USB_SetInterface) for USB_SetInterface
    usbcore.o(.text) refers to mscuser.o(.text) for MSC_Reset
    usbcore.o(.text) refers to usbcore.o(.data) for USB_DeviceStatus
    usbcore.o(.text) refers to usbcore.o(.bss) for EP0Buf
    usbhw.o(.text) refers to usbuser.o(.text) for USB_Reset_Event
    usbhw.o(.text) refers to uwrite4.o(.text) for __aeabi_uwrite4
    usbhw.o(.text) refers to uread4.o(.text) for __aeabi_uread4
    usbhw.o(.text) refers to usbuser.o(.constdata) for USB_P_EP
    usbhw.o(.text) refers to usbcore.o(.data) for USB_DeviceStatus
    usbuser.o(.text) refers to usbcore.o(.text) for USB_ResetCore
    usbuser.o(.text) refers to mscuser.o(.text) for MSC_BulkOut
    usbuser.o(.text) refers to usbcore.o(.data) for USB_Configuration
    usbuser.o(.constdata) refers to usbcore.o(.text) for USB_EndPoint0
    usbuser.o(.constdata) refers to usbuser.o(.text) for USB_EndPoint2
    __main.o(!!!main) refers to rtentry.o(.ARM.Collect$$rtentry$$00000000) for __rt_entry
    rtentry.o(.ARM.Collect$$rtentry$$00000000) refers (Special) to rtentry2.o(.ARM.Collect$$rtentry$$0000000A) for __rt_entry_li
    rtentry.o(.ARM.Collect$$rtentry$$00000000) refers (Special) to rtentry2.o(.ARM.Collect$$rtentry$$0000000D) for __rt_entry_main
    rtentry.o(.ARM.Collect$$rtentry$$00000000) refers (Special) to rtentry2.o(.ARM.Collect$$rtentry$$0000000C) for __rt_entry_postli_1
    rtentry.o(.ARM.Collect$$rtentry$$00000000) refers (Special) to rtentry2.o(.ARM.Collect$$rtentry$$00000009) for __rt_entry_postsh_1
    rtentry.o(.ARM.Collect$$rtentry$$00000000) refers (Special) to rtentry2.o(.ARM.Collect$$rtentry$$00000002) for __rt_entry_presh_1
    rtentry.o(.ARM.Collect$$rtentry$$00000000) refers (Special) to rtentry4.o(.ARM.Collect$$rtentry$$00000004) for __rt_entry_sh
    rtentry.o(.ARM.exidx) refers (Special) to rtentry2.o(.ARM.Collect$$rtentry$$0000000A) for __rt_entry_li
    rtentry.o(.ARM.exidx) refers (Special) to rtentry2.o(.ARM.Collect$$rtentry$$0000000D) for __rt_entry_main
    rtentry.o(.ARM.exidx) refers (Special) to rtentry2.o(.ARM.Collect$$rtentry$$0000000C) for __rt_entry_postli_1
    rtentry.o(.ARM.exidx) refers (Special) to rtentry2.o(.ARM.Collect$$rtentry$$00000009) for __rt_entry_postsh_1
    rtentry.o(.ARM.exidx) refers (Special) to rtentry2.o(.ARM.Collect$$rtentry$$00000002) for __rt_entry_presh_1
    rtentry.o(.ARM.exidx) refers (Special) to rtentry4.o(.ARM.Collect$$rtentry$$00000004) for __rt_entry_sh
    rtentry.o(.ARM.exidx) refers to rtentry.o(.ARM.Collect$$rtentry$$00000000) for .ARM.Collect$$rtentry$$00000000
    rtentry2.o(.ARM.Collect$$rtentry$$00000008) refers to boardinit2.o(.text) for _platform_post_stackheap_init
    rtentry2.o(.ARM.Collect$$rtentry$$0000000A) refers to libinit.o(.ARM.Collect$$libinit$$00000000) for __rt_lib_init
    rtentry2.o(.ARM.Collect$$rtentry$$0000000B) refers to boardinit3.o(.text) for _platform_post_lib_init
    rtentry2.o(.ARM.Collect$$rtentry$$0000000D) refers to exit.o(.text) for exit
    rtentry2.o(.ARM.Collect$$rtentry$$0000000D) refers to memory.o(.text) for main
    rtentry2.o(.ARM.exidx) refers to rtentry2.o(.ARM.Collect$$rtentry$$00000001) for .ARM.Collect$$rtentry$$00000001
    rtentry2.o(.ARM.exidx) refers to rtentry2.o(.ARM.Collect$$rtentry$$00000002) for .ARM.Collect$$rtentry$$00000002
    rtentry2.o(.ARM.exidx) refers to rtentry2.o(.ARM.Collect$$rtentry$$00000008) for .ARM.Collect$$rtentry$$00000008
    rtentry2.o(.ARM.exidx) refers to rtentry2.o(.ARM.Collect$$rtentry$$00000009) for .ARM.Collect$$rtentry$$00000009
    rtentry2.o(.ARM.exidx) refers to rtentry2.o(.ARM.Collect$$rtentry$$0000000A) for .ARM.Collect$$rtentry$$0000000A
    rtentry2.o(.ARM.exidx) refers to rtentry2.o(.ARM.Collect$$rtentry$$0000000B) for .ARM.Collect$$rtentry$$0000000B
    rtentry2.o(.ARM.exidx) refers to rtentry2.o(.ARM.Collect$$rtentry$$0000000C) for .ARM.Collect$$rtentry$$0000000C
    rtentry2.o(.ARM.exidx) refers to rtentry2.o(.ARM.Collect$$rtentry$$0000000D) for .ARM.Collect$$rtentry$$0000000D
    rtentry4.o(.ARM.Collect$$rtentry$$00000004) refers to sys_stackheap_outer.o(.text) for __user_setup_stackheap
    rtentry4.o(.ARM.exidx) refers to rtentry4.o(.ARM.Collect$$rtentry$$00000004) for .ARM.Collect$$rtentry$$00000004
    sys_stackheap_outer.o(.text) refers to libspace.o(.text) for __user_perproc_libspace
    sys_stackheap_outer.o(.text) refers to startup.o(.text) for __user_initial_stackheap
    exit.o(.text) refers to rtexit.o(.ARM.Collect$$rtexit$$00000000) for __rt_exit
    libinit.o(.ARM.Collect$$libinit$$00000000) refers (Special) to libinit2.o(.ARM.Collect$$libinit$$0000002A) for __rt_lib_init_alloca_1
    libinit.o(.ARM.Collect$$libinit$$00000000) refers (Special) to libinit2.o(.ARM.Collect$$libinit$$00000028) for __rt_lib_init_argv_1
    libinit.o(.ARM.Collect$$libinit$$00000000) refers (Special) to libinit2.o(.ARM.Collect$$libinit$$00000017) for __rt_lib_init_atexit_1
    libinit.o(.ARM.Collect$$libinit$$00000000) refers (Special) to libinit2.o(.ARM.Collect$$libinit$$0000001D) for __rt_lib_init_clock_1
    libinit.o(.ARM.Collect$$libinit$$00000000) refers (Special) to libinit2.o(.ARM.Collect$$libinit$$0000002E) for __rt_lib_init_cpp_1
    libinit.o(.ARM.Collect$$libinit$$00000000) refers (Special) to libinit2.o(.ARM.Collect$$libinit$$0000002C) for __rt_lib_init_exceptions_1
    libinit.o(.ARM.Collect$$libinit$$00000000) refers (Special) to libinit2.o(.ARM.Collect$$libinit$$0000001B) for __rt_lib_init_fp_trap_1
    libinit.o(.ARM.Collect$$libinit$$00000000) refers (Special) to libinit2.o(.ARM.Collect$$libinit$$0000001F) for __rt_lib_init_getenv_1
    libinit.o(.ARM.Collect$$libinit$$00000000) refers (Special) to libinit2.o(.ARM.Collect$$libinit$$00000006) for __rt_lib_init_heap_1
    libinit.o(.ARM.Collect$$libinit$$00000000) refers (Special) to libinit2.o(.ARM.Collect$$libinit$$0000000D) for __rt_lib_init_lc_collate_1
    libinit.o(.ARM.Collect$$libinit$$00000000) refers (Special) to libinit2.o(.ARM.Collect$$libinit$$0000000F) for __rt_lib_init_lc_ctype_1
    libinit.o(.ARM.Collect$$libinit$$00000000) refers (Special) to libinit2.o(.ARM.Collect$$libinit$$00000011) for __rt_lib_init_lc_monetary_1
    libinit.o(.ARM.Collect$$libinit$$00000000) refers (Special) to libinit2.o(.ARM.Collect$$libinit$$00000013) for __rt_lib_init_lc_numeric_1
    libinit.o(.ARM.Collect$$libinit$$00000000) refers (Special) to libinit2.o(.ARM.Collect$$libinit$$00000015) for __rt_lib_init_lc_time_1
    libinit.o(.ARM.Collect$$libinit$$00000000) refers (Special) to libinit2.o(.ARM.Collect$$libinit$$0000000A) for __rt_lib_init_rand_1
    libinit.o(.ARM.Collect$$libinit$$00000000) refers (Special) to libinit2.o(.ARM.Collect$$libinit$$0000002F) for __rt_lib_init_return
    libinit.o(.ARM.Collect$$libinit$$00000000) refers (Special) to libinit2.o(.ARM.Collect$$libinit$$00000019) for __rt_lib_init_signal_1
    libinit.o(.ARM.Collect$$libinit$$00000000) refers (Special) to libinit2.o(.ARM.Collect$$libinit$$00000021) for __rt_lib_init_stdio_1
    libinit.o(.ARM.Collect$$libinit$$00000000) refers (Special) to libinit2.o(.ARM.Collect$$libinit$$00000008) for __rt_lib_init_user_alloc_1
    libinit.o(.ARM.Collect$$libinit$$00000000) refers to fpinit.o(x$fpl$fpinit) for _fp_init
    libspace.o(.text) refers to libspace.o(.bss) for __libspace_start
    rtexit.o(.ARM.Collect$$rtexit$$00000000) refers (Special) to rtexit2.o(.ARM.Collect$$rtexit$$00000004) for __rt_exit_exit
    rtexit.o(.ARM.Collect$$rtexit$$00000000) refers (Special) to rtexit2.o(.ARM.Collect$$rtexit$$00000003) for __rt_exit_ls
    rtexit.o(.ARM.Collect$$rtexit$$00000000) refers (Special) to rtexit2.o(.ARM.Collect$$rtexit$$00000002) for __rt_exit_prels_1
    rtexit.o(.ARM.exidx) refers (Special) to rtexit2.o(.ARM.Collect$$rtexit$$00000004) for __rt_exit_exit
    rtexit.o(.ARM.exidx) refers (Special) to rtexit2.o(.ARM.Collect$$rtexit$$00000003) for __rt_exit_ls
    rtexit.o(.ARM.exidx) refers (Special) to rtexit2.o(.ARM.Collect$$rtexit$$00000002) for __rt_exit_prels_1
    rtexit.o(.ARM.exidx) refers to rtexit.o(.ARM.Collect$$rtexit$$00000000) for .ARM.Collect$$rtexit$$00000000
    libinit2.o(.ARM.Collect$$libinit$$0000000C) refers to libinit2.o(.ARM.Collect$$libinit$$0000000B) for .ARM.Collect$$libinit$$0000000B
    libinit2.o(.ARM.Collect$$libinit$$0000000E) refers to libinit2.o(.ARM.Collect$$libinit$$0000000B) for .ARM.Collect$$libinit$$0000000B
    libinit2.o(.ARM.Collect$$libinit$$00000010) refers to libinit2.o(.ARM.Collect$$libinit$$0000000B) for .ARM.Collect$$libinit$$0000000B
    libinit2.o(.ARM.Collect$$libinit$$00000012) refers to libinit2.o(.ARM.Collect$$libinit$$0000000B) for .ARM.Collect$$libinit$$0000000B
    libinit2.o(.ARM.Collect$$libinit$$00000014) refers to libinit2.o(.ARM.Collect$$libinit$$0000000B) for .ARM.Collect$$libinit$$0000000B
    libinit2.o(.ARM.Collect$$libinit$$00000022) refers to argv_veneer.o(.emb_text) for __ARM_argv_veneer
    libinit2.o(.ARM.Collect$$libinit$$00000023) refers to argv_veneer.o(.emb_text) for __ARM_argv_veneer
    rtexit2.o(.ARM.Collect$$rtexit$$00000003) refers to libshutdown.o(.ARM.Collect$$libshutdown$$00000000) for __rt_lib_shutdown
    rtexit2.o(.ARM.Collect$$rtexit$$00000004) refers to sys_exit.o(.text) for _sys_exit
    rtexit2.o(.ARM.exidx) refers to rtexit2.o(.ARM.Collect$$rtexit$$00000001) for .ARM.Collect$$rtexit$$00000001
    rtexit2.o(.ARM.exidx) refers to rtexit2.o(.ARM.Collect$$rtexit$$00000002) for .ARM.Collect$$rtexit$$00000002
    rtexit2.o(.ARM.exidx) refers to rtexit2.o(.ARM.Collect$$rtexit$$00000003) for .ARM.Collect$$rtexit$$00000003
    rtexit2.o(.ARM.exidx) refers to rtexit2.o(.ARM.Collect$$rtexit$$00000004) for .ARM.Collect$$rtexit$$00000004
    argv_veneer.o(.emb_text) refers to no_argv.o(.text) for __ARM_get_argv
    sys_exit.o(.text) refers to use_no_semi.o(.text) for __I$use$semihosting
    _get_argv_nomalloc.o(.text) refers (Special) to hrguard.o(.text) for __heap_region$guard
    _get_argv_nomalloc.o(.text) refers to defsig_rtmem_outer.o(.text) for __rt_SIGRTMEM
    _get_argv_nomalloc.o(.text) refers to sys_command.o(.text) for _sys_command_string
    libshutdown.o(.ARM.Collect$$libshutdown$$00000000) refers (Special) to libshutdown2.o(.ARM.Collect$$libshutdown$$00000006) for __rt_lib_shutdown_fp_trap_1
    libshutdown.o(.ARM.Collect$$libshutdown$$00000000) refers (Special) to libshutdown2.o(.ARM.Collect$$libshutdown$$0000000E) for __rt_lib_shutdown_heap_1
    libshutdown.o(.ARM.Collect$$libshutdown$$00000000) refers (Special) to libshutdown2.o(.ARM.Collect$$libshutdown$$0000000F) for __rt_lib_shutdown_return
    libshutdown.o(.ARM.Collect$$libshutdown$$00000000) refers (Special) to libshutdown2.o(.ARM.Collect$$libshutdown$$00000009) for __rt_lib_shutdown_signal_1
    libshutdown.o(.ARM.Collect$$libshutdown$$00000000) refers (Special) to libshutdown2.o(.ARM.Collect$$libshutdown$$00000003) for __rt_lib_shutdown_stdio_1
    libshutdown.o(.ARM.Collect$$libshutdown$$00000000) refers (Special) to libshutdown2.o(.ARM.Collect$$libshutdown$$0000000B) for __rt_lib_shutdown_user_alloc_1
    sys_command.o(.text) refers (Special) to use_no_semi.o(.text) for __I$use$semihosting
    defsig_rtmem_outer.o(.text) refers to defsig_rtmem_inner.o(.text) for __rt_SIGRTMEM_inner
    defsig_rtmem_outer.o(.text) refers to defsig_exit.o(.text) for __sig_exit
    defsig_rtmem_formal.o(.text) refers to rt_raise.o(.text) for __rt_raise
    rt_raise.o(.text) refers to __raise.o(.text) for __raise
    rt_raise.o(.text) refers to sys_exit.o(.text) for _sys_exit
    defsig_exit.o(.text) refers to sys_exit.o(.text) for _sys_exit
    defsig_rtmem_inner.o(.text) refers to defsig_general.o(.text) for __default_signal_display
    __raise.o(.text) refers to defsig.o(CL$$defsig) for __default_signal_handler
    __raise.o(.text) refers to __raise.o(i.__ARM_common_call_via_r2) for __ARM_common_call_via_r2
    defsig_general.o(.text) refers to sys_wrch.o(.text) for _ttywrch
    sys_wrch.o(.text) refers (Special) to use_no_semi.o(.text) for __I$use$semihosting
    defsig.o(CL$$defsig) refers to defsig_rtmem_inner.o(.text) for __rt_SIGRTMEM_inner
    defsig_abrt_inner.o(.text) refers to defsig_general.o(.text) for __default_signal_display
    defsig_fpe_inner.o(.text) refers to defsig_general.o(.text) for __default_signal_display
    defsig_rtred_inner.o(.text) refers to defsig_general.o(.text) for __default_signal_display
    defsig_stak_inner.o(.text) refers to defsig_general.o(.text) for __default_signal_display
    defsig_pvfn_inner.o(.text) refers to defsig_general.o(.text) for __default_signal_display
    defsig_cppl_inner.o(.text) refers to defsig_general.o(.text) for __default_signal_display
    defsig_segv_inner.o(.text) refers to defsig_general.o(.text) for __default_signal_display
    defsig_other.o(.text) refers to defsig_general.o(.text) for __default_signal_display
    usbcore.o(i.USB_GetStatus) refers to usbcore.o(.text) for USB_DataInStage
    usbcore.o(i.USB_GetStatus) refers to usbcore.o(.data) for SetupPacket
    usbcore.o(i.USB_GetStatus) refers to usbcore.o(.bss) for EP0Buf
    usbcore.o(i.USB_SetClrFeature) refers to usbhw.o(.text) for USB_WakeUpCfg
    usbcore.o(i.USB_SetClrFeature) refers to usbcore.o(.data) for SetupPacket
    usbcore.o(i.USB_GetDescriptor) refers to usbcore.o(.text) for USB_DataInStage
    usbcore.o(i.USB_GetDescriptor) refers to usbcore.o(.data) for SetupPacket
    usbcore.o(i.USB_GetDescriptor) refers to usbdesc.o(.constdata) for USB_DeviceDescriptor
    usbcore.o(i.USB_SetConfiguration) refers to usbhw.o(.text) for USB_DisableEP
    usbcore.o(i.USB_SetConfiguration) refers to usbcore.o(.data) for SetupPacket
    usbcore.o(i.USB_SetConfiguration) refers to usbdesc.o(.constdata) for USB_ConfigDescriptor
    usbcore.o(i.USB_SetInterface) refers to usbhw.o(.text) for USB_ConfigEP
    usbcore.o(i.USB_SetInterface) refers to usbcore.o(.data) for USB_Configuration
    usbcore.o(i.USB_SetInterface) refers to usbdesc.o(.constdata) for USB_ConfigDescriptor


==============================================================================

Adding Veneers to the image

    Adding AT veneer (8 bytes, Inline) for call to '__rt_lib_init' from rtentry2.o(.ARM.Collect$$rtentry$$0000000A).
    Adding AT veneer (8 bytes, Inline) for call to '__rt_lib_shutdown' from rtexit2.o(.ARM.Collect$$rtexit$$00000003).
    Adding TA veneer (4 bytes, Inline) for call to '__rt_exit' from exit.o(.text).
    Adding TA veneer (4 bytes, Inline) for call to '_fp_init' from libinit.o(.ARM.Collect$$libinit$$00000000).

4 Veneer(s) (total 24 bytes) added to the image.

==============================================================================

Image Symbol Table

    Local Symbols

    Symbol Name                              Value     Ov Type        Size  Object(Section)

    RESET                                    0x00000000   Section      272  startup.o(RESET)
    ../../angel/boardlib.s                   0x00000000   Number         0  boardshut.o ABSOLUTE
    ../../angel/boardlib.s                   0x00000000   Number         0  boardinit1.o ABSOLUTE
    ../../angel/boardlib.s                   0x00000000   Number         0  boardinit2.o ABSOLUTE
    ../../angel/boardlib.s                   0x00000000   Number         0  boardinit3.o ABSOLUTE
    ../../angel/handlers.s                   0x00000000   Number         0  __scatter_zi.o ABSOLUTE
    ../../angel/handlers.s                   0x00000000   Number         0  __scatter_copy.o ABSOLUTE
    ../../angel/kernel.s                     0x00000000   Number         0  rtentry2.o ABSOLUTE
    ../../angel/kernel.s                     0x00000000   Number         0  rtentry.o ABSOLUTE
    ../../angel/kernel.s                     0x00000000   Number         0  rtexit.o ABSOLUTE
    ../../angel/kernel.s                     0x00000000   Number         0  rtentry4.o ABSOLUTE
    ../../angel/kernel.s                     0x00000000   Number         0  rtexit2.o ABSOLUTE
    ../../angel/rt.s                         0x00000000   Number         0  rt_raise.o ABSOLUTE
    ../../angel/scatter.s                    0x00000000   Number         0  __scatter.o ABSOLUTE
    ../../angel/startup.s                    0x00000000   Number         0  __main.o ABSOLUTE
    ../../angel/sys.s                        0x00000000   Number         0  libspace.o ABSOLUTE
    ../../angel/sys.s                        0x00000000   Number         0  use_no_semi.o ABSOLUTE
    ../../angel/sys.s                        0x00000000   Number         0  sys_exit.o ABSOLUTE
    ../../angel/sys.s                        0x00000000   Number         0  sys_stackheap_outer.o ABSOLUTE
    ../../angel/sysapp.c                     0x00000000   Number         0  sys_command.o ABSOLUTE
    ../../angel/sysapp.c                     0x00000000   Number         0  sys_wrch.o ABSOLUTE
    ../../armsys.c                           0x00000000   Number         0  no_argv.o ABSOLUTE
    ../../armsys.c                           0x00000000   Number         0  argv_veneer.o ABSOLUTE
    ../../armsys.c                           0x00000000   Number         0  argv_veneer.o ABSOLUTE
    ../../armsys.c                           0x00000000   Number         0  _get_argv_nomalloc.o ABSOLUTE
    ../../fpinit.s                           0x00000000   Number         0  fpinit.o ABSOLUTE
    ../../heapalloc.c                        0x00000000   Number         0  hrguard.o ABSOLUTE
    ../../heapaux.c                          0x00000000   Number         0  heapauxi.o ABSOLUTE
    ../../libinit.s                          0x00000000   Number         0  libinit2.o ABSOLUTE
    ../../libinit.s                          0x00000000   Number         0  libshutdown2.o ABSOLUTE
    ../../libinit.s                          0x00000000   Number         0  libinit.o ABSOLUTE
    ../../libinit.s                          0x00000000   Number         0  libshutdown.o ABSOLUTE
    ../../signal.c                           0x00000000   Number         0  defsig_cppl_inner.o ABSOLUTE
    ../../signal.c                           0x00000000   Number         0  defsig_pvfn_inner.o ABSOLUTE
    ../../signal.c                           0x00000000   Number         0  defsig_rtmem_outer.o ABSOLUTE
    ../../signal.c                           0x00000000   Number         0  defsig_stak_inner.o ABSOLUTE
    ../../signal.c                           0x00000000   Number         0  defsig_rtmem_formal.o ABSOLUTE
    ../../signal.c                           0x00000000   Number         0  __raise.o ABSOLUTE
    ../../signal.c                           0x00000000   Number         0  defsig_fpe_inner.o ABSOLUTE
    ../../signal.c                           0x00000000   Number         0  defsig_rtred_inner.o ABSOLUTE
    ../../signal.c                           0x00000000   Number         0  defsig_abrt_inner.o ABSOLUTE
    ../../signal.c                           0x00000000   Number         0  defsig_other.o ABSOLUTE
    ../../signal.c                           0x00000000   Number         0  defsig_general.o ABSOLUTE
    ../../signal.c                           0x00000000   Number         0  defsig_rtmem_inner.o ABSOLUTE
    ../../signal.c                           0x00000000   Number         0  defsig_exit.o ABSOLUTE
    ../../signal.c                           0x00000000   Number         0  defsig_segv_inner.o ABSOLUTE
    ../../signal.s                           0x00000000   Number         0  defsig.o ABSOLUTE
    ../../stdlib.c                           0x00000000   Number         0  exit.o ABSOLUTE
    ../../unhosted.s                         0x00000000   Number         0  uwrite4.o ABSOLUTE
    ../../unhosted.s                         0x00000000   Number         0  uread4.o ABSOLUTE
    DiskImg.c                                0x00000000   Number         0  diskimg.o ABSOLUTE
    Startup.s                                0x00000000   Number         0  startup.o ABSOLUTE
    dc.s                                     0x00000000   Number         0  dc.o ABSOLUTE
    memory.c                                 0x00000000   Number         0  memory.o ABSOLUTE
    mscuser.c                                0x00000000   Number         0  mscuser.o ABSOLUTE
    usbcore.c                                0x00000000   Number         0  usbcore.o ABSOLUTE
    usbdesc.c                                0x00000000   Number         0  usbdesc.o ABSOLUTE
    usbhw.c                                  0x00000000   Number         0  usbhw.o ABSOLUTE
    usbuser.c                                0x00000000   Number         0  usbuser.o ABSOLUTE
    Undef_Handler                            0x00000040   ARM Code       4  startup.o(RESET)
    SWI_Handler                              0x00000044   ARM Code       4  startup.o(RESET)
    PAbt_Handler                             0x00000048   ARM Code       4  startup.o(RESET)
    DAbt_Handler                             0x0000004c   ARM Code       4  startup.o(RESET)
    IRQ_Handler                              0x00000050   ARM Code       4  startup.o(RESET)
    FIQ_Handler                              0x00000054   ARM Code       4  startup.o(RESET)
    !!!main                                  0x00000110   Section        8  __main.o(!!!main)
    !!!scatter                               0x00000118   Section       60  __scatter.o(!!!scatter)
    !!handler_copy                           0x00000154   Section       40  __scatter_copy.o(!!handler_copy)
    !!handler_zi                             0x0000017c   Section       44  __scatter_zi.o(!!handler_zi)
    .ARM.Collect$$libinit$$00000000          0x000001b0   Section        6  libinit.o(.ARM.Collect$$libinit$$00000000)
    .ARM.Collect$$libinit$$00000006          0x000001b6   Section        0  libinit2.o(.ARM.Collect$$libinit$$00000006)
    .ARM.Collect$$libinit$$00000008          0x000001b6   Section        0  libinit2.o(.ARM.Collect$$libinit$$00000008)
    .ARM.Collect$$libinit$$0000000A          0x000001b6   Section        0  libinit2.o(.ARM.Collect$$libinit$$0000000A)
    .ARM.Collect$$libinit$$0000000D          0x000001b6   Section        0  libinit2.o(.ARM.Collect$$libinit$$0000000D)
    .ARM.Collect$$libinit$$0000000F          0x000001b6   Section        0  libinit2.o(.ARM.Collect$$libinit$$0000000F)
    .ARM.Collect$$libinit$$00000011          0x000001b6   Section        0  libinit2.o(.ARM.Collect$$libinit$$00000011)
    .ARM.Collect$$libinit$$00000013          0x000001b6   Section        0  libinit2.o(.ARM.Collect$$libinit$$00000013)
    .ARM.Collect$$libinit$$00000015          0x000001b6   Section        0  libinit2.o(.ARM.Collect$$libinit$$00000015)
    .ARM.Collect$$libinit$$00000017          0x000001b6   Section        0  libinit2.o(.ARM.Collect$$libinit$$00000017)
    .ARM.Collect$$libinit$$00000019          0x000001b6   Section        0  libinit2.o(.ARM.Collect$$libinit$$00000019)
    .ARM.Collect$$libinit$$0000001B          0x000001b6   Section        0  libinit2.o(.ARM.Collect$$libinit$$0000001B)
    .ARM.Collect$$libinit$$0000001D          0x000001b6   Section        0  libinit2.o(.ARM.Collect$$libinit$$0000001D)
    .ARM.Collect$$libinit$$0000001F          0x000001b6   Section        0  libinit2.o(.ARM.Collect$$libinit$$0000001F)
    .ARM.Collect$$libinit$$00000021          0x000001b6   Section        0  libinit2.o(.ARM.Collect$$libinit$$00000021)
    .ARM.Collect$$libinit$$00000028          0x000001b6   Section        0  libinit2.o(.ARM.Collect$$libinit$$00000028)
    .ARM.Collect$$libinit$$0000002A          0x000001b6   Section        0  libinit2.o(.ARM.Collect$$libinit$$0000002A)
    .ARM.Collect$$libinit$$0000002C          0x000001b6   Section        0  libinit2.o(.ARM.Collect$$libinit$$0000002C)
    .ARM.Collect$$libinit$$0000002E          0x000001b6   Section        0  libinit2.o(.ARM.Collect$$libinit$$0000002E)
    .ARM.Collect$$libinit$$0000002F          0x000001b6   Section       12  libinit2.o(.ARM.Collect$$libinit$$0000002F)
    .ARM.Collect$$libshutdown$$00000000      0x000001cc   Section        4  libshutdown.o(.ARM.Collect$$libshutdown$$00000000)
    .ARM.Collect$$libshutdown$$00000003      0x000001d0   Section        0  libshutdown2.o(.ARM.Collect$$libshutdown$$00000003)
    .ARM.Collect$$libshutdown$$00000006      0x000001d0   Section        0  libshutdown2.o(.ARM.Collect$$libshutdown$$00000006)
    .ARM.Collect$$libshutdown$$00000009      0x000001d0   Section        0  libshutdown2.o(.ARM.Collect$$libshutdown$$00000009)
    .ARM.Collect$$libshutdown$$0000000B      0x000001d0   Section        0  libshutdown2.o(.ARM.Collect$$libshutdown$$0000000B)
    .ARM.Collect$$libshutdown$$0000000E      0x000001d0   Section        0  libshutdown2.o(.ARM.Collect$$libshutdown$$0000000E)
    .ARM.Collect$$libshutdown$$0000000F      0x000001d0   Section        6  libshutdown2.o(.ARM.Collect$$libshutdown$$0000000F)
    .ARM.Collect$$rtentry$$00000000          0x000001d8   Section        0  rtentry.o(.ARM.Collect$$rtentry$$00000000)
    .ARM.Collect$$rtentry$$00000002          0x000001d8   Section        0  rtentry2.o(.ARM.Collect$$rtentry$$00000002)
    .ARM.Collect$$rtentry$$00000004          0x000001d8   Section        8  rtentry4.o(.ARM.Collect$$rtentry$$00000004)
    .ARM.Collect$$rtentry$$00000009          0x000001e0   Section        0  rtentry2.o(.ARM.Collect$$rtentry$$00000009)
    .ARM.Collect$$rtentry$$0000000A          0x000001e0   Section        4  rtentry2.o(.ARM.Collect$$rtentry$$0000000A)
    .ARM.Collect$$rtentry$$0000000C          0x000001e4   Section        0  rtentry2.o(.ARM.Collect$$rtentry$$0000000C)
    .ARM.Collect$$rtentry$$0000000D          0x000001e4   Section       40  rtentry2.o(.ARM.Collect$$rtentry$$0000000D)
    .ARM.Collect$$rtexit$$00000000           0x00000210   Section        0  rtexit.o(.ARM.Collect$$rtexit$$00000000)
    .ARM.Collect$$rtexit$$00000002           0x00000210   Section        0  rtexit2.o(.ARM.Collect$$rtexit$$00000002)
    .ARM.Collect$$rtexit$$00000003           0x00000210   Section        4  rtexit2.o(.ARM.Collect$$rtexit$$00000003)
    .ARM.Collect$$rtexit$$00000004           0x00000214   Section        4  rtexit2.o(.ARM.Collect$$rtexit$$00000004)
    .text                                    0x00000218   Section       84  memory.o(.text)
    .text                                    0x0000026c   Section     3476  mscuser.o(.text)
    .text                                    0x00001000   Section       32  startup.o(.text)
    .text                                    0x00001020   Section     1588  usbcore.o(.text)
    .text                                    0x00001654   Section     1936  usbhw.o(.text)
    .text                                    0x00001de4   Section      236  usbuser.o(.text)
    .text                                    0x00001ed0   Section       32  uread4.o(.text)
    .text                                    0x00001ef0   Section       32  uwrite4.o(.text)
    .text                                    0x00001f10   Section        6  heapauxi.o(.text)
    .text                                    0x00001f18   Section       96  sys_stackheap_outer.o(.text)
    .text                                    0x00001f78   Section       12  exit.o(.text)
    .text                                    0x00001f84   Section       12  libspace.o(.text)
    .text                                    0x00001f90   Section       24  sys_exit.o(.text)
    .text                                    0x00001fa8   Section        4  use_no_semi.o(.text)
    i.USB_GetDescriptor                      0x00001fac   Section      360  usbcore.o(i.USB_GetDescriptor)
    i.USB_GetStatus                          0x00002114   Section      388  usbcore.o(i.USB_GetStatus)
    i.USB_SetClrFeature                      0x00002298   Section      408  usbcore.o(i.USB_SetClrFeature)
    i.USB_SetConfiguration                   0x00002430   Section      680  usbcore.o(i.USB_SetConfiguration)
    i.USB_SetInterface                       0x000026d8   Section      476  usbcore.o(i.USB_SetInterface)
    x$fpl$fpinit                             0x000028b8   Section        4  fpinit.o(x$fpl$fpinit)
    .constdata                               0x000028bc   Section      163  usbdesc.o(.constdata)
    .constdata                               0x00002960   Section       64  usbuser.o(.constdata)
    .ARM.__AT_0x00010000                     0x00010000   Section     4096  diskimg.o(.ARM.__AT_0x00010000)
    .data                                    0x40000000   Section       14  mscuser.o(.data)
    .data                                    0x40000010   Section       36  usbcore.o(.data)
    .bss                                     0x40000034   Section      108  mscuser.o(.bss)
    .bss                                     0x400000a0   Section       64  usbcore.o(.bss)
    .bss                                     0x400000e0   Section       96  libspace.o(.bss)
    HEAP                                     0x40000140   Section        0  startup.o(HEAP)
    STACK                                    0x40000140   Section     1160  startup.o(STACK)
    Heap_Mem                                 0x40000140   Data           0  startup.o(HEAP)
    Stack_Mem                                0x40000140   Data        1024  startup.o(STACK)
    Stack_Top                                0x400005c8   Data           0  startup.o(STACK)
    .ARM.__AT_0x40002000                     0x40002000   Section    16384  mscuser.o(.ARM.__AT_0x40002000)

    Global Symbols

    Symbol Name                              Value     Ov Type        Size  Object(Section)

    BuildAttributes$$THM_ISAv1$ARM_ISAv4$S$PE$A:L22$X:L11$S22$IEEE1$IW$USESV6$~STKCKD$USESV7$~SHL$OSPACE$ROPI$EBA8$UX$STANDARDLIB$REQ8$PRES8$EABIv2 0x00000000   Number         0  anon$$obj.o ABSOLUTE
    __ARM_use_no_argv                        0x00000000   Number         0  memory.o ABSOLUTE
    __ARM_exceptions_init                     - Undefined Weak Reference
    __alloca_initialize                       - Undefined Weak Reference
    __cpp_initialize__aeabi_                  - Undefined Weak Reference
    __cxa_finalize                            - Undefined Weak Reference
    __rt_locale                               - Undefined Weak Reference
    __sigvec_lookup                           - Undefined Weak Reference
    _atexit_init                              - Undefined Weak Reference
    _call_atexit_fns                          - Undefined Weak Reference
    _clock_init                               - Undefined Weak Reference
    _fp_trap_init                             - Undefined Weak Reference
    _fp_trap_shutdown                         - Undefined Weak Reference
    _get_lc_collate                           - Undefined Weak Reference
    _get_lc_ctype                             - Undefined Weak Reference
    _get_lc_monetary                          - Undefined Weak Reference
    _get_lc_numeric                           - Undefined Weak Reference
    _get_lc_time                              - Undefined Weak Reference
    _getenv_init                              - Undefined Weak Reference
    _handle_redirection                       - Undefined Weak Reference
    _init_alloc                               - Undefined Weak Reference
    _init_user_alloc                          - Undefined Weak Reference
    _initio                                   - Undefined Weak Reference
    _rand_init                                - Undefined Weak Reference
    _signal_finish                            - Undefined Weak Reference
    _signal_init                              - Undefined Weak Reference
    _terminate_alloc                          - Undefined Weak Reference
    _terminate_user_alloc                     - Undefined Weak Reference
    _terminateio                              - Undefined Weak Reference
    Reset_Handler                            0x00000058   ARM Code       0  startup.o(RESET)
    __main                                   0x00000110   ARM Code       8  __main.o(!!!main)
    __scatterload                            0x00000118   ARM Code       0  __scatter.o(!!!scatter)
    __scatterload_rt2                        0x00000118   ARM Code      52  __scatter.o(!!!scatter)
    __scatterload_null                       0x0000012c   ARM Code       0  __scatter.o(!!!scatter)
    __scatterload_copy                       0x00000154   ARM Code      40  __scatter_copy.o(!!handler_copy)
    __scatterload_zeroinit                   0x0000017c   ARM Code      44  __scatter_zi.o(!!handler_zi)
    Inline ARM to Thumb Veneer to __rt_lib_init 0x000001a8   ARM Code       8  libinit.o(.ARM.Collect$$libinit$$00000000)
    __rt_lib_init                            0x000001b1   Thumb Code     0  libinit.o(.ARM.Collect$$libinit$$00000000)
    __rt_lib_init_alloca_1                   0x000001b7   Thumb Code     0  libinit2.o(.ARM.Collect$$libinit$$0000002A)
    __rt_lib_init_argv_1                     0x000001b7   Thumb Code     0  libinit2.o(.ARM.Collect$$libinit$$00000028)
    __rt_lib_init_atexit_1                   0x000001b7   Thumb Code     0  libinit2.o(.ARM.Collect$$libinit$$00000017)
    __rt_lib_init_clock_1                    0x000001b7   Thumb Code     0  libinit2.o(.ARM.Collect$$libinit$$0000001D)
    __rt_lib_init_cpp_1                      0x000001b7   Thumb Code     0  libinit2.o(.ARM.Collect$$libinit$$0000002E)
    __rt_lib_init_exceptions_1               0x000001b7   Thumb Code     0  libinit2.o(.ARM.Collect$$libinit$$0000002C)
    __rt_lib_init_fp_trap_1                  0x000001b7   Thumb Code     0  libinit2.o(.ARM.Collect$$libinit$$0000001B)
    __rt_lib_init_getenv_1                   0x000001b7   Thumb Code     0  libinit2.o(.ARM.Collect$$libinit$$0000001F)
    __rt_lib_init_heap_1                     0x000001b7   Thumb Code     0  libinit2.o(.ARM.Collect$$libinit$$00000006)
    __rt_lib_init_lc_collate_1               0x000001b7   Thumb Code     0  libinit2.o(.ARM.Collect$$libinit$$0000000D)
    __rt_lib_init_lc_ctype_1                 0x000001b7   Thumb Code     0  libinit2.o(.ARM.Collect$$libinit$$0000000F)
    __rt_lib_init_lc_monetary_1              0x000001b7   Thumb Code     0  libinit2.o(.ARM.Collect$$libinit$$00000011)
    __rt_lib_init_lc_numeric_1               0x000001b7   Thumb Code     0  libinit2.o(.ARM.Collect$$libinit$$00000013)
    __rt_lib_init_lc_time_1                  0x000001b7   Thumb Code     0  libinit2.o(.ARM.Collect$$libinit$$00000015)
    __rt_lib_init_rand_1                     0x000001b7   Thumb Code     0  libinit2.o(.ARM.Collect$$libinit$$0000000A)
    __rt_lib_init_return                     0x000001b7   Thumb Code     0  libinit2.o(.ARM.Collect$$libinit$$0000002F)
    __rt_lib_init_signal_1                   0x000001b7   Thumb Code     0  libinit2.o(.ARM.Collect$$libinit$$00000019)
    __rt_lib_init_stdio_1                    0x000001b7   Thumb Code     0  libinit2.o(.ARM.Collect$$libinit$$00000021)
    __rt_lib_init_user_alloc_1               0x000001b7   Thumb Code     0  libinit2.o(.ARM.Collect$$libinit$$00000008)
    Inline ARM to Thumb Veneer to __rt_lib_shutdown 0x000001c4   ARM Code       8  libshutdown.o(.ARM.Collect$$libshutdown$$00000000)
    __rt_lib_shutdown                        0x000001cd   Thumb Code     0  libshutdown.o(.ARM.Collect$$libshutdown$$00000000)
    __rt_lib_shutdown_fp_trap_1              0x000001d1   Thumb Code     0  libshutdown2.o(.ARM.Collect$$libshutdown$$00000006)
    __rt_lib_shutdown_heap_1                 0x000001d1   Thumb Code     0  libshutdown2.o(.ARM.Collect$$libshutdown$$0000000E)
    __rt_lib_shutdown_return                 0x000001d1   Thumb Code     0  libshutdown2.o(.ARM.Collect$$libshutdown$$0000000F)
    __rt_lib_shutdown_signal_1               0x000001d1   Thumb Code     0  libshutdown2.o(.ARM.Collect$$libshutdown$$00000009)
    __rt_lib_shutdown_stdio_1                0x000001d1   Thumb Code     0  libshutdown2.o(.ARM.Collect$$libshutdown$$00000003)
    __rt_lib_shutdown_user_alloc_1           0x000001d1   Thumb Code     0  libshutdown2.o(.ARM.Collect$$libshutdown$$0000000B)
    __rt_entry                               0x000001d8   ARM Code       0  rtentry.o(.ARM.Collect$$rtentry$$00000000)
    __rt_entry_presh_1                       0x000001d8   ARM Code       0  rtentry2.o(.ARM.Collect$$rtentry$$00000002)
    __rt_entry_sh                            0x000001d8   ARM Code       0  rtentry4.o(.ARM.Collect$$rtentry$$00000004)
    __rt_entry_li                            0x000001e0   ARM Code       0  rtentry2.o(.ARM.Collect$$rtentry$$0000000A)
    __rt_entry_postsh_1                      0x000001e0   ARM Code       0  rtentry2.o(.ARM.Collect$$rtentry$$00000009)
    __rt_entry_main                          0x000001e4   ARM Code       0  rtentry2.o(.ARM.Collect$$rtentry$$0000000D)
    __rt_entry_postli_1                      0x000001e4   ARM Code       0  rtentry2.o(.ARM.Collect$$rtentry$$0000000C)
    Inline Thumb to ARM Veneer to __rt_exit  0x0000020d   Thumb Code     4  rtexit.o(.ARM.Collect$$rtexit$$00000000)
    __rt_exit                                0x00000210   ARM Code       0  rtexit.o(.ARM.Collect$$rtexit$$00000000)
    __rt_exit_ls                             0x00000210   ARM Code       0  rtexit2.o(.ARM.Collect$$rtexit$$00000003)
    __rt_exit_prels_1                        0x00000210   ARM Code       0  rtexit2.o(.ARM.Collect$$rtexit$$00000002)
    __rt_exit_exit                           0x00000214   ARM Code       0  rtexit2.o(.ARM.Collect$$rtexit$$00000004)
    main                                     0x00000218   ARM Code      72  memory.o(.text)
    MSC_Reset                                0x0000026c   ARM Code      32  mscuser.o(.text)
    MSC_GetMaxLUN                            0x0000028c   ARM Code      20  mscuser.o(.text)
    MSC_MemoryRead                           0x000002a0   ARM Code     248  mscuser.o(.text)
    MSC_SetCSW                               0x00000398   ARM Code      52  mscuser.o(.text)
    MSC_MemoryWrite                          0x000003cc   ARM Code     284  mscuser.o(.text)
    MSC_MemoryVerify                         0x000004e8   ARM Code     324  mscuser.o(.text)
    MSC_RWSetup                              0x0000062c   ARM Code     172  mscuser.o(.text)
    DataInFormat                             0x000006d8   ARM Code     104  mscuser.o(.text)
    DataInTransfer                           0x00000740   ARM Code     128  mscuser.o(.text)
    MSC_TestUnitReady                        0x000007c0   ARM Code      80  mscuser.o(.text)
    MSC_RequestSense                         0x00000810   ARM Code     156  mscuser.o(.text)
    MSC_Inquiry                              0x000008ac   ARM Code     308  mscuser.o(.text)
    MSC_ModeSense6                           0x000009e0   ARM Code      72  mscuser.o(.text)
    MSC_ModeSense10                          0x00000a28   ARM Code      92  mscuser.o(.text)
    MSC_ReadCapacity                         0x00000a84   ARM Code     100  mscuser.o(.text)
    MSC_ReadFormatCapacity                   0x00000ae8   ARM Code     128  mscuser.o(.text)
    MSC_GetCBW                               0x00000b68   ARM Code     788  mscuser.o(.text)
    MSC_BulkIn                               0x00000e7c   ARM Code     148  mscuser.o(.text)
    MSC_BulkOut                              0x00000f10   ARM Code     172  mscuser.o(.text)
    __user_initial_stackheap                 0x00001000   ARM Code       0  startup.o(.text)
    USB_ResetCore                            0x00001020   ARM Code      56  usbcore.o(.text)
    USB_SetupStage                           0x00001058   ARM Code      24  usbcore.o(.text)
    USB_DataInStage                          0x00001070   ARM Code     104  usbcore.o(.text)
    USB_DataOutStage                         0x000010d8   ARM Code      68  usbcore.o(.text)
    USB_StatusInStage                        0x0000111c   ARM Code      28  usbcore.o(.text)
    USB_StatusOutStage                       0x00001138   ARM Code      24  usbcore.o(.text)
    USB_EndPoint0                            0x00001150   ARM Code    1240  usbcore.o(.text)
    EPAdr                                    0x00001654   ARM Code      28  usbhw.o(.text)
    WrCmd                                    0x00001670   ARM Code      44  usbhw.o(.text)
    WrCmdDat                                 0x0000169c   ARM Code      84  usbhw.o(.text)
    RdCmdDat                                 0x000016f0   ARM Code      56  usbhw.o(.text)
    USB_SetAddress                           0x00001728   ARM Code      56  usbhw.o(.text)
    USB_Reset                                0x00001760   ARM Code      88  usbhw.o(.text)
    USB_Resume                               0x000017b8   ARM Code       4  usbhw.o(.text)
    USB_Suspend                              0x000017bc   ARM Code       4  usbhw.o(.text)
    USB_ISR                                  0x000017c0   ARM Code     400  usbhw.o(.text)
    USB_Init                                 0x00001950   ARM Code     208  usbhw.o(.text)
    USB_Connect                              0x00001a20   ARM Code      52  usbhw.o(.text)
    USB_WakeUp                               0x00001a54   ARM Code      40  usbhw.o(.text)
    USB_WakeUpCfg                            0x00001a7c   ARM Code       4  usbhw.o(.text)
    USB_Configure                            0x00001a80   ARM Code      96  usbhw.o(.text)
    USB_ConfigEP                             0x00001ae0   ARM Code     112  usbhw.o(.text)
    USB_DirCtrlEP                            0x00001b50   ARM Code       4  usbhw.o(.text)
    USB_EnableEP                             0x00001b54   ARM Code      44  usbhw.o(.text)
    USB_DisableEP                            0x00001b80   ARM Code      44  usbhw.o(.text)
    USB_ResetEP                              0x00001bac   ARM Code      44  usbhw.o(.text)
    USB_SetStallEP                           0x00001bd8   ARM Code      44  usbhw.o(.text)
    USB_ClrStallEP                           0x00001c04   ARM Code      44  usbhw.o(.text)
    USB_ReadEP                               0x00001c30   ARM Code     176  usbhw.o(.text)
    USB_WriteEP                              0x00001ce0   ARM Code     144  usbhw.o(.text)
    USB_GetFrame                             0x00001d70   ARM Code      48  usbhw.o(.text)
    USB_Reset_Event                          0x00001de4   ARM Code      28  usbuser.o(.text)
    USB_Suspend_Event                        0x00001e00   ARM Code      16  usbuser.o(.text)
    USB_Resume_Event                         0x00001e10   ARM Code      16  usbuser.o(.text)
    USB_Configure_Event                      0x00001e20   ARM Code      48  usbuser.o(.text)
    USB_EndPoint1                            0x00001e50   ARM Code       4  usbuser.o(.text)
    USB_EndPoint2                            0x00001e54   ARM Code      64  usbuser.o(.text)
    USB_EndPoint3                            0x00001e94   ARM Code       4  usbuser.o(.text)
    USB_EndPoint4                            0x00001e98   ARM Code       4  usbuser.o(.text)
    USB_EndPoint5                            0x00001e9c   ARM Code       4  usbuser.o(.text)
    USB_EndPoint6                            0x00001ea0   ARM Code       4  usbuser.o(.text)
    USB_EndPoint7                            0x00001ea4   ARM Code       4  usbuser.o(.text)
    USB_EndPoint8                            0x00001ea8   ARM Code       4  usbuser.o(.text)
    USB_EndPoint9                            0x00001eac   ARM Code       4  usbuser.o(.text)
    USB_EndPoint10                           0x00001eb0   ARM Code       4  usbuser.o(.text)
    USB_EndPoint11                           0x00001eb4   ARM Code       4  usbuser.o(.text)
    USB_EndPoint12                           0x00001eb8   ARM Code       4  usbuser.o(.text)
    USB_EndPoint13                           0x00001ebc   ARM Code       4  usbuser.o(.text)
    USB_EndPoint14                           0x00001ec0   ARM Code       4  usbuser.o(.text)
    USB_EndPoint15                           0x00001ec4   ARM Code       4  usbuser.o(.text)
    __aeabi_uread4                           0x00001ed0   ARM Code       0  uread4.o(.text)
    __rt_uread4                              0x00001ed0   ARM Code      32  uread4.o(.text)
    __aeabi_uwrite4                          0x00001ef0   ARM Code       0  uwrite4.o(.text)
    __rt_uwrite4                             0x00001ef0   ARM Code      32  uwrite4.o(.text)
    __use_two_region_memory                  0x00001f11   Thumb Code     2  heapauxi.o(.text)
    __rt_heap_escrow$2region                 0x00001f13   Thumb Code     2  heapauxi.o(.text)
    __rt_heap_expand$2region                 0x00001f15   Thumb Code     2  heapauxi.o(.text)
    __user_setup_stackheap                   0x00001f18   ARM Code      96  sys_stackheap_outer.o(.text)
    exit                                     0x00001f79   Thumb Code    12  exit.o(.text)
    __user_libspace                          0x00001f84   ARM Code      12  libspace.o(.text)
    __user_perproc_libspace                  0x00001f84   ARM Code       0  libspace.o(.text)
    __user_perthread_libspace                0x00001f84   ARM Code       0  libspace.o(.text)
    _sys_exit                                0x00001f90   ARM Code      20  sys_exit.o(.text)
    __I$use$semihosting                      0x00001fa8   ARM Code       0  use_no_semi.o(.text)
    __use_no_semihosting_swi                 0x00001fa8   ARM Code       4  use_no_semi.o(.text)
    USB_GetDescriptor                        0x00001fac   ARM Code     340  usbcore.o(i.USB_GetDescriptor)
    USB_GetStatus                            0x00002114   ARM Code     356  usbcore.o(i.USB_GetStatus)
    USB_SetClrFeature                        0x00002298   ARM Code     388  usbcore.o(i.USB_SetClrFeature)
    USB_SetConfiguration                     0x00002430   ARM Code     644  usbcore.o(i.USB_SetConfiguration)
    USB_SetInterface                         0x000026d8   ARM Code     452  usbcore.o(i.USB_SetInterface)
    Inline Thumb to ARM Veneer to _fp_init   0x000028b5   Thumb Code     4  fpinit.o(x$fpl$fpinit)
    __fplib_config_pureend_doubles           0x000028b8   ARM Code       0  fpinit.o(x$fpl$fpinit)
    _fp_init                                 0x000028b8   ARM Code       4  fpinit.o(x$fpl$fpinit)
    USB_DeviceDescriptor                     0x000028bc   Data          18  usbdesc.o(.constdata)
    USB_ConfigDescriptor                     0x000028ce   Data          33  usbdesc.o(.constdata)
    USB_StringDescriptor                     0x000028ef   Data         112  usbdesc.o(.constdata)
    USB_P_EP                                 0x00002960   Data          64  usbuser.o(.constdata)
    Region$$Table$$Base                      0x000029a0   Number         0  anon$$obj.o(Region$$Table)
    Region$$Table$$Limit                     0x000029c0   Number         0  anon$$obj.o(Region$$Table)
    DiskImage                                0x00010000   Data        4096  diskimg.o(.ARM.__AT_0x00010000)
    MemOK                                    0x40000000   Data           4  mscuser.o(.data)
    Offset                                   0x40000004   Data           4  mscuser.o(.data)
    Length                                   0x40000008   Data           4  mscuser.o(.data)
    BulkStage                                0x4000000c   Data           1  mscuser.o(.data)
    BulkLen                                  0x4000000d   Data           1  mscuser.o(.data)
    USB_DeviceStatus                         0x40000010   Data           2  usbcore.o(.data)
    USB_DeviceAddress                        0x40000012   Data           1  usbcore.o(.data)
    USB_Configuration                        0x40000013   Data           1  usbcore.o(.data)
    USB_EndPointMask                         0x40000014   Data           4  usbcore.o(.data)
    USB_EndPointHalt                         0x40000018   Data           4  usbcore.o(.data)
    USB_NumInterfaces                        0x4000001c   Data           1  usbcore.o(.data)
    USB_AltSetting                           0x4000001d   Data           4  usbcore.o(.data)
    EP0Data                                  0x40000024   Data           8  usbcore.o(.data)
    SetupPacket                              0x4000002c   Data           8  usbcore.o(.data)
    BulkBuf                                  0x40000034   Data          64  mscuser.o(.bss)
    CBW                                      0x40000074   Data          31  mscuser.o(.bss)
    CSW                                      0x40000093   Data          13  mscuser.o(.bss)
    EP0Buf                                   0x400000a0   Data          64  usbcore.o(.bss)
    __libspace_start                         0x400000e0   Data          96  libspace.o(.bss)
    __temporary_stack_top$libspace           0x40000140   Data           0  libspace.o(.bss)
    Memory                                   0x40002000   Data       16384  mscuser.o(.ARM.__AT_0x40002000)



==============================================================================

Memory Map of the image

  Image Entry point : 0x00000110

  Load Region LR_IROM1 (Base: 0x00000000, Size: 0x00011034, Max: 0x00080000, ABSOLUTE)

    Execution Region ER_IROM1 (Base: 0x00000000, Size: 0x00011000, Max: 0x00080000, ABSOLUTE)

    Base Addr    Size         Type   Attr      Idx    E Section Name        Object

    0x00000000   0x00000110   Code   RO           79    RESET               startup.o
    0x00000110   0x00000008   Code   RO          196  * !!!main             __main.o(c_t.l)
    0x00000118   0x0000003c   Code   RO          355    !!!scatter          __scatter.o(c_t.l)
    0x00000154   0x00000028   Code   RO          357    !!handler_copy      __scatter_copy.o(c_t.l)
    0x0000017c   0x0000002c   Code   RO          359    !!handler_zi        __scatter_zi.o(c_t.l)
    0x000001a8   0x00000008   Ven    RO          228    .ARM.Collect$$libinit$$00000000  libinit.o(c_t.l)
    0x000001b0   0x00000006   Code   RO          228    .ARM.Collect$$libinit$$00000000  libinit.o(c_t.l)
    0x000001b6   0x00000000   Code   RO          236    .ARM.Collect$$libinit$$00000006  libinit2.o(c_t.l)
    0x000001b6   0x00000000   Code   RO          238    .ARM.Collect$$libinit$$00000008  libinit2.o(c_t.l)
    0x000001b6   0x00000000   Code   RO          240    .ARM.Collect$$libinit$$0000000A  libinit2.o(c_t.l)
    0x000001b6   0x00000000   Code   RO          243    .ARM.Collect$$libinit$$0000000D  libinit2.o(c_t.l)
    0x000001b6   0x00000000   Code   RO          245    .ARM.Collect$$libinit$$0000000F  libinit2.o(c_t.l)
    0x000001b6   0x00000000   Code   RO          247    .ARM.Collect$$libinit$$00000011  libinit2.o(c_t.l)
    0x000001b6   0x00000000   Code   RO          249    .ARM.Collect$$libinit$$00000013  libinit2.o(c_t.l)
    0x000001b6   0x00000000   Code   RO          251    .ARM.Collect$$libinit$$00000015  libinit2.o(c_t.l)
    0x000001b6   0x00000000   Code   RO          253    .ARM.Collect$$libinit$$00000017  libinit2.o(c_t.l)
    0x000001b6   0x00000000   Code   RO          255    .ARM.Collect$$libinit$$00000019  libinit2.o(c_t.l)
    0x000001b6   0x00000000   Code   RO          257    .ARM.Collect$$libinit$$0000001B  libinit2.o(c_t.l)
    0x000001b6   0x00000000   Code   RO          259    .ARM.Collect$$libinit$$0000001D  libinit2.o(c_t.l)
    0x000001b6   0x00000000   Code   RO          261    .ARM.Collect$$libinit$$0000001F  libinit2.o(c_t.l)
    0x000001b6   0x00000000   Code   RO          263    .ARM.Collect$$libinit$$00000021  libinit2.o(c_t.l)
    0x000001b6   0x00000000   Code   RO          267    .ARM.Collect$$libinit$$00000028  libinit2.o(c_t.l)
    0x000001b6   0x00000000   Code   RO          269    .ARM.Collect$$libinit$$0000002A  libinit2.o(c_t.l)
    0x000001b6   0x00000000   Code   RO          271    .ARM.Collect$$libinit$$0000002C  libinit2.o(c_t.l)
    0x000001b6   0x00000000   Code   RO          273    .ARM.Collect$$libinit$$0000002E  libinit2.o(c_t.l)
    0x000001b6   0x0000000c   Code   RO          274    .ARM.Collect$$libinit$$0000002F  libinit2.o(c_t.l)
    0x000001c2   0x00000002   PAD
    0x000001c4   0x00000008   Ven    RO          295    .ARM.Collect$$libshutdown$$00000000  libshutdown.o(c_t.l)
    0x000001cc   0x00000004   Code   RO          295    .ARM.Collect$$libshutdown$$00000000  libshutdown.o(c_t.l)
    0x000001d0   0x00000000   Code   RO          308    .ARM.Collect$$libshutdown$$00000003  libshutdown2.o(c_t.l)
    0x000001d0   0x00000000   Code   RO          311    .ARM.Collect$$libshutdown$$00000006  libshutdown2.o(c_t.l)
    0x000001d0   0x00000000   Code   RO          314    .ARM.Collect$$libshutdown$$00000009  libshutdown2.o(c_t.l)
    0x000001d0   0x00000000   Code   RO          316    .ARM.Collect$$libshutdown$$0000000B  libshutdown2.o(c_t.l)
    0x000001d0   0x00000000   Code   RO          319    .ARM.Collect$$libshutdown$$0000000E  libshutdown2.o(c_t.l)
    0x000001d0   0x00000006   Code   RO          320    .ARM.Collect$$libshutdown$$0000000F  libshutdown2.o(c_t.l)
    0x000001d6   0x00000002   PAD
    0x000001d8   0x00000000   Code   RO          198    .ARM.Collect$$rtentry$$00000000  rtentry.o(c_t.l)
    0x000001d8   0x00000000   Code   RO          201    .ARM.Collect$$rtentry$$00000002  rtentry2.o(c_t.l)
    0x000001d8   0x00000008   Code   RO          216    .ARM.Collect$$rtentry$$00000004  rtentry4.o(c_t.l)
    0x000001e0   0x00000000   Code   RO          203    .ARM.Collect$$rtentry$$00000009  rtentry2.o(c_t.l)
    0x000001e0   0x00000004   Code   RO          204    .ARM.Collect$$rtentry$$0000000A  rtentry2.o(c_t.l)
    0x000001e4   0x00000000   Code   RO          206    .ARM.Collect$$rtentry$$0000000C  rtentry2.o(c_t.l)
    0x000001e4   0x00000028   Code   RO          207    .ARM.Collect$$rtentry$$0000000D  rtentry2.o(c_t.l)
    0x0000020c   0x00000004   Ven    RO          232    .ARM.Collect$$rtexit$$00000000  rtexit.o(c_t.l)
    0x00000210   0x00000000   Code   RO          232    .ARM.Collect$$rtexit$$00000000  rtexit.o(c_t.l)
    0x00000210   0x00000000   Code   RO          278    .ARM.Collect$$rtexit$$00000002  rtexit2.o(c_t.l)
    0x00000210   0x00000004   Code   RO          279    .ARM.Collect$$rtexit$$00000003  rtexit2.o(c_t.l)
    0x00000214   0x00000004   Code   RO          280    .ARM.Collect$$rtexit$$00000004  rtexit2.o(c_t.l)
    0x00000218   0x00000054   Code   RO           21    .text               memory.o
    0x0000026c   0x00000d94   Code   RO           57    .text               mscuser.o
    0x00001000   0x00000020   Code   RO           80    .text               startup.o
    0x00001020   0x00000634   Code   RO           86    .text               usbcore.o
    0x00001654   0x00000790   Code   RO          155    .text               usbhw.o
    0x00001de4   0x000000ec   Code   RO          170    .text               usbuser.o
    0x00001ed0   0x00000020   Code   RO          190    .text               uread4.o(c_t.l)
    0x00001ef0   0x00000020   Code   RO          192    .text               uwrite4.o(c_t.l)
    0x00001f10   0x00000006   Code   RO          194    .text               heapauxi.o(c_t.l)
    0x00001f16   0x00000002   PAD
    0x00001f18   0x00000060   Code   RO          218    .text               sys_stackheap_outer.o(c_t.l)
    0x00001f78   0x0000000c   Code   RO          220    .text               exit.o(c_t.l)
    0x00001f84   0x0000000c   Code   RO          229    .text               libspace.o(c_t.l)
    0x00001f90   0x00000018   Code   RO          287    .text               sys_exit.o(c_t.l)
    0x00001fa8   0x00000004   Code   RO          298    .text               use_no_semi.o(c_t.l)
    0x00001fac   0x00000168   Code   RO          111    i.USB_GetDescriptor  usbcore.o
    0x00002114   0x00000184   Code   RO           99    i.USB_GetStatus     usbcore.o
    0x00002298   0x00000198   Code   RO          105    i.USB_SetClrFeature  usbcore.o
    0x00002430   0x000002a8   Code   RO          117    i.USB_SetConfiguration  usbcore.o
    0x000026d8   0x000001dc   Code   RO          123    i.USB_SetInterface  usbcore.o
    0x000028b4   0x00000004   Ven    RO          275    x$fpl$fpinit        fpinit.o(fz_ts.l)
    0x000028b8   0x00000004   Code   RO          275    x$fpl$fpinit        fpinit.o(fz_ts.l)
    0x000028bc   0x000000a3   Data   RO          143    .constdata          usbdesc.o
    0x0000295f   0x00000001   PAD
    0x00002960   0x00000040   Data   RO          171    .constdata          usbuser.o
    0x000029a0   0x00000020   Data   RO          353    Region$$Table       anon$$obj.o
    0x000029c0   0x0000d640   PAD
    0x00010000   0x00001000   Data   RO            1    .ARM.__AT_0x00010000  diskimg.o


    Execution Region RW_IRAM1 (Base: 0x40000000, Size: 0x00006000, Max: 0x00008000, ABSOLUTE)

    Base Addr    Size         Type   Attr      Idx    E Section Name        Object

    0x40000000   0x0000000e   Data   RW           60    .data               mscuser.o
    0x4000000e   0x00000002   PAD
    0x40000010   0x00000024   Data   RW           88    .data               usbcore.o
    0x40000034   0x0000006c   Zero   RW           59    .bss                mscuser.o
    0x400000a0   0x00000040   Zero   RW           87    .bss                usbcore.o
    0x400000e0   0x00000060   Zero   RW          230    .bss                libspace.o(c_t.l)
    0x40000140   0x00000000   Zero   RW           78    HEAP                startup.o
    0x40000140   0x00000488   Zero   RW           77    STACK               startup.o
    0x400005c8   0x00001a38   PAD
    0x40002000   0x00004000   Zero   RW           58    .ARM.__AT_0x40002000  mscuser.o


==============================================================================

Image component sizes


      Code (inc. data)   RO Data    RW Data    ZI Data      Debug   Object Name

         0          0       4096          0          0       2264   diskimg.o
        84         12          0          0          0       4755   memory.o
      3476         68          0         14      16492       6672   mscuser.o
       304         60          0          0       1160        448   startup.o
      3900        176          0         36         64       7182   usbcore.o
         0          0        163          0          0        613   usbdesc.o
      1936         68          0          0          0       5560   usbhw.o
       236          8         64          0          0       3460   usbuser.o

    ----------------------------------------------------------------------
      9936        392      59204         52      24428      30954   Object Totals
         0          0         32          0          0          0   (incl. Generated)
         0          0      54849          2       6712          0   (incl. Padding)

    ----------------------------------------------------------------------

      Code (inc. data)   RO Data    RW Data    ZI Data      Debug   Library Member Name

         8          0          0          0          0         68   __main.o
        60          8          0          0          0          0   __scatter.o
        40          0          0          0          0          0   __scatter_copy.o
        44          0          0          0          0          0   __scatter_zi.o
        12          0          0          0          0         60   exit.o
         8          0          0          0          0         68   fpinit.o
         6          0          0          0          0        132   heapauxi.o
        14          0          0          0          0          0   libinit.o
        12          0          0          0          0          0   libinit2.o
        12          0          0          0          0          0   libshutdown.o
         6          0          0          0          0          0   libshutdown2.o
        12          4          0          0         96         68   libspace.o
         0          0          0          0          0          0   rtentry.o
        44          4          0          0          0          0   rtentry2.o
         8          0          0          0          0          0   rtentry4.o
         4          0          0          0          0          0   rtexit.o
         8          0          0          0          0          0   rtexit2.o
        24          8          0          0          0         68   sys_exit.o
        96          0          0          0          0         80   sys_stackheap_outer.o
        32          0          0          0          0         68   uread4.o
         4          0          0          0          0         68   use_no_semi.o
        32          0          0          0          0         68   uwrite4.o

    ----------------------------------------------------------------------
       492         24          0          0         96        748   Library Totals
         6          0          0          0          0          0   (incl. Padding)

    ----------------------------------------------------------------------

      Code (inc. data)   RO Data    RW Data    ZI Data      Debug   Library Name

       478         24          0          0         96        680   c_t.l
         8          0          0          0          0         68   fz_ts.l

    ----------------------------------------------------------------------
       492         24          0          0         96        748   Library Totals

    ----------------------------------------------------------------------

==============================================================================


      Code (inc. data)   RO Data    RW Data    ZI Data      Debug   

     10428        416      59204         52      24524      30660   Grand Totals
     10428        416      59204         52      24524      30660   ELF Image Totals
     10428        416      59204         52          0          0   ROM Totals

==============================================================================

    Total RO  Size (Code + RO Data)                69632 (  68.00kB)
    Total RW  Size (RW Data + ZI Data)             24576 (  24.00kB)
    Total ROM Size (Code + RO Data + RW Data)      69684 (  68.05kB)

==============================================================================

